[36mvite v5.2.11 [32mbuilding for production...[36m[39m
transforming...
[32mΓ£ô[39m 155 modules transformed.
node.exe : [31mx[39m Build failed in 3.35s
At C:\Users\DEll\AppData\Roaming\npm\pnpm.ps1:24 char:5
+     & "node$exe"  "$basedir/node_modules/pnpm/bin/pnpm.cjs" $args
+     ~~~~~~~~~~~~~~~~~~~~~~~~~~~~~~~~~~~~~~~~~~~~~~~~~~~~~~~~~~~~~
    + CategoryInfo          : NotSpecified: ([31mx[39m Build failed in 3.35s:String) [], RemoteException
    + FullyQualifiedErrorId : NativeCommandError
 
[31merror during build:
RollupError: [31msrc/shared/i18n/index.ts (4:9): "setLanguageTag" is not exported by "src/paraglide/runtime.js", 
imported by "src/shared/i18n/index.ts".[31m
file: [36mC:/Users/DEll/Desktop/iFragment/frontend/src/shared/i18n/index.ts:4:9[31m
[33m2: import { initData } from '@tma.js/sdk-solid';
3: // @ts-ignore
4: import { setLanguageTag, languageTag } from '@/paraglide/runtime.js';
            ^
5: // @ts-ignore
6: import type { AvailableLanguageTag } from '@/paraglide/runtime.js';[31m
    at getRollupError (file:///C:/Users/DEll/Desktop/iFragment/frontend/node_modules/.pnpm/rollup@4.14.1/node_modules/r
ollup/dist/es/shared/parseAst.js:392:41)
    at error (file:///C:/Users/DEll/Desktop/iFragment/frontend/node_modules/.pnpm/rollup@4.14.1/node_modules/rollup/dis
t/es/shared/parseAst.js:388:42)
    at Module.error (file:///C:/Users/DEll/Desktop/iFragment/frontend/node_modules/.pnpm/rollup@4.14.1/node_modules/rol
lup/dist/es/shared/node-entry.js:13688:16)
    at Module.traceVariable (file:///C:/Users/DEll/Desktop/iFragment/frontend/node_modules/.pnpm/rollup@4.14.1/node_mod
ules/rollup/dist/es/shared/node-entry.js:14136:29)
    at ModuleScope.findVariable (file:///C:/Users/DEll/Desktop/iFragment/frontend/node_modules/.pnpm/rollup@4.14.1/node
_modules/rollup/dist/es/shared/node-entry.js:11817:39)
    at ReturnValueScope.findVariable (file:///C:/Users/DEll/Desktop/iFragment/frontend/node_modules/.pnpm/rollup@4.14.1
/node_modules/rollup/dist/es/shared/node-entry.js:6037:38)
    at FunctionBodyScope.findVariable (file:///C:/Users/DEll/Desktop/iFragment/frontend/node_modules/.pnpm/rollup@4.14.
1/node_modules/rollup/dist/es/shared/node-entry.js:6037:38)
    at ReturnValueScope.findVariable (file:///C:/Users/DEll/Desktop/iFragment/frontend/node_modules/.pnpm/rollup@4.14.1
/node_modules/rollup/dist/es/shared/node-entry.js:6037:38)
    at FunctionBodyScope.findVariable (file:///C:/Users/DEll/Desktop/iFragment/frontend/node_modules/.pnpm/rollup@4.14.
1/node_modules/rollup/dist/es/shared/node-entry.js:6037:38)
    at Identifier.bind (file:///C:/Users/DEll/Desktop/iFragment/frontend/node_modules/.pnpm/rollup@4.14.1/node_modules/
rollup/dist/es/shared/node-entry.js:7311:40)
    at CallExpression.bind (file:///C:/Users/DEll/Desktop/iFragment/frontend/node_modules/.pnpm/rollup@4.14.1/node_modu
les/rollup/dist/es/shared/node-entry.js:4753:23)
    at CallExpression.bind (file:///C:/Users/DEll/Desktop/iFragment/frontend/node_modules/.pnpm/rollup@4.14.1/node_modu
les/rollup/dist/es/shared/node-entry.js:8975:15)
    at ExpressionStatement.bind (file:///C:/Users/DEll/Desktop/iFragment/frontend/node_modules/.pnpm/rollup@4.14.1/node
_modules/rollup/dist/es/shared/node-entry.js:4753:23)
    at BlockStatement.bind (file:///C:/Users/DEll/Desktop/iFragment/frontend/node_modules/.pnpm/rollup@4.14.1/node_modu
les/rollup/dist/es/shared/node-entry.js:4749:28)
    at ArrowFunctionExpression.bind (file:///C:/Users/DEll/Desktop/iFragment/frontend/node_modules/.pnpm/rollup@4.14.1/
node_modules/rollup/dist/es/shared/node-entry.js:4753:23)
    at CallExpression.bind (file:///C:/Users/DEll/Desktop/iFragment/frontend/node_modules/.pnpm/rollup@4.14.1/node_modu
les/rollup/dist/es/shared/node-entry.js:4749:28)
    at CallExpression.bind (file:///C:/Users/DEll/Desktop/iFragment/frontend/node_modules/.pnpm/rollup@4.14.1/node_modu
les/rollup/dist/es/shared/node-entry.js:8975:15)
    at ExpressionStatement.bind (file:///C:/Users/DEll/Desktop/iFragment/frontend/node_modules/.pnpm/rollup@4.14.1/node
_modules/rollup/dist/es/shared/node-entry.js:4753:23)
    at BlockStatement.bind (file:///C:/Users/DEll/Desktop/iFragment/frontend/node_modules/.pnpm/rollup@4.14.1/node_modu
les/rollup/dist/es/shared/node-entry.js:4749:28)
    at ArrowFunctionExpression.bind (file:///C:/Users/DEll/Desktop/iFragment/frontend/node_modules/.pnpm/rollup@4.14.1/
node_modules/rollup/dist/es/shared/node-entry.js:4753:23)
    at VariableDeclarator.bind (file:///C:/Users/DEll/Desktop/iFragment/frontend/node_modules/.pnpm/rollup@4.14.1/node_
modules/rollup/dist/es/shared/node-entry.js:4753:23)
    at VariableDeclaration.bind (file:///C:/Users/DEll/Desktop/iFragment/frontend/node_modules/.pnpm/rollup@4.14.1/node
_modules/rollup/dist/es/shared/node-entry.js:4749:28)
    at ExportNamedDeclaration.bind (file:///C:/Users/DEll/Desktop/iFragment/frontend/node_modules/.pnpm/rollup@4.14.1/n
ode_modules/rollup/dist/es/shared/node-entry.js:9779:27)
    at Program.bind (file:///C:/Users/DEll/Desktop/iFragment/frontend/node_modules/.pnpm/rollup@4.14.1/node_modules/rol
lup/dist/es/shared/node-entry.js:4749:28)
    at Module.bindReferences (file:///C:/Users/DEll/Desktop/iFragment/frontend/node_modules/.pnpm/rollup@4.14.1/node_mo
dules/rollup/dist/es/shared/node-entry.js:13669:18)
    at Graph.sortModules (file:///C:/Users/DEll/Desktop/iFragment/frontend/node_modules/.pnpm/rollup@4.14.1/node_module
s/rollup/dist/es/shared/node-entry.js:19885:20)
    at Graph.build (file:///C:/Users/DEll/Desktop/iFragment/frontend/node_modules/.pnpm/rollup@4.14.1/node_modules/roll
up/dist/es/shared/node-entry.js:19789:14)
    at async file:///C:/Users/DEll/Desktop/iFragment/frontend/node_modules/.pnpm/rollup@4.14.1/node_modules/rollup/dist
/es/shared/node-entry.js:20433:13
    at async catchUnfinishedHookActions (file:///C:/Users/DEll/Desktop/iFragment/frontend/node_modules/.pnpm/rollup@4.1
4.1/node_modules/rollup/dist/es/shared/node-entry.js:19942:16)
    at async rollupInternal (file:///C:/Users/DEll/Desktop/iFragment/frontend/node_modules/.pnpm/rollup@4.14.1/node_mod
ules/rollup/dist/es/shared/node-entry.js:20428:5)
    at async build (file:///C:/Users/DEll/Desktop/iFragment/frontend/node_modules/.pnpm/vite@5.2.11_@types+node@20.12.5
_lightningcss@1.32.0/node_modules/vite/dist/node/chunks/dep-cNe07EU9.js:67475:18)
    at async CAC.<anonymous> (file:///C:/Users/DEll/Desktop/iFragment/frontend/node_modules/.pnpm/vite@5.2.11_@types+no
de@20.12.5_lightningcss@1.32.0/node_modules/vite/dist/node/cli.js:842:9)[39m
